C51 COMPILER V9.54   DS1302                                                                04/01/2025 18:13:38 PAGE 1   


C51 COMPILER V9.54, COMPILATION OF MODULE DS1302
OBJECT MODULE PLACED IN .\Objects\DS1302.obj
COMPILER INVOKED BY: D:\Keil_v5\C51\BIN\C51.EXE DS1302.c OPTIMIZE(8,SPEED) BROWSE DEBUG OBJECTEXTEND PRINT(.\Listings\DS
                    -1302.lst) OBJECT(.\Objects\DS1302.obj)

line level    source

   1          #include <REGX52.H>
   2          
   3          #define DS1302_SECOND 0x80
   4          #define DS1302_MINUTE 0x82
   5          #define DS1302_HOUR       0x84
   6          #define DS1302_DATE   0x86
   7          #define DS1302_MONTH  0x88
   8          #define DS1302_DAY    0x8A      //星期
   9          #define DS1302_YEAR   0x8C
  10          #define DS1302_WP     0x8E
  11          
  12          sbit DS1302_SCLK = P3^6;        //时钟通过上下沿控制读取或写入
  13          sbit DS1302_IO = P3^4;          //输入输出控制
  14          sbit DS1302_CE = P3^5;          //芯片使能，置1打通
  15          
  16          //年月日时分秒星期
  17          char DS1302_Time[] = {25,4,1,16,32,0,2};
  18          
  19          void DS1302_Init()
  20          {
  21   1              DS1302_CE = 0;
  22   1              DS1302_SCLK = 0;
  23   1      }
  24          
  25          //写入命令字和数据，命令字告诉时钟：在哪 写入还是读取
  26          //写入有16个脉冲
  27          void DS1302_WriteByte(unsigned char Command,Data)
  28          {
  29   1              unsigned char i = 0;
  30   1              DS1302_CE = 1;
  31   1              for(i = 0;i < 8;i++)
  32   1              {
  33   2                      DS1302_IO = (Command>>i)&0x01;  //提取Command第i位，或者Command&(0x01<<i)
  34   2                      DS1302_SCLK = 1;
  35   2                      //Delayxms;             单片机性能不够，所以不快，否则要加延时
  36   2                      DS1302_SCLK = 0;
  37   2              }
  38   1              //此处到时序中间
  39   1              for(i = 0;i < 8;i++)
  40   1              {
  41   2                      DS1302_IO = (Data>>i)&0x01;
  42   2                      DS1302_SCLK = 1;        //指给上升沿，写
  43   2                      DS1302_SCLK = 0;        //指给下降沿，读
  44   2              }
  45   1              DS1302_CE = 0;
  46   1      }
  47          
  48          //读取命令字，只有15个脉冲
  49          unsigned char DS1302_ReadByte(unsigned char Command)
  50          {
  51   1              unsigned char i = 0,Data = 0x00;
  52   1              DS1302_CE = 1;
  53   1              Command |= 0x01;        //因为读取最低位需要设置为一，这样操作后可以直接输入写地址转化为读地址
  54   1              for(i = 0;i < 8;i++)
C51 COMPILER V9.54   DS1302                                                                04/01/2025 18:13:38 PAGE 2   

  55   1              {
  56   2                      DS1302_IO = (Command>>i)&0x01;
  57   2                      //先给1后给0，时序以上升沿左侧结束，先0后一，时序以下降沿左侧结束，上下沿形如：几的左右两边
  58   2                      DS1302_SCLK = 0;
  59   2                      DS1302_SCLK = 1;
  60   2              }
  61   1              //此处到时序中间
  62   1              for(i = 0;i < 8;i++)
  63   1              {
  64   2                      DS1302_SCLK = 1;
  65   2                      DS1302_SCLK = 0;
  66   2                      if(DS1302_IO){Data |= (0x01<<i);}       //如果值非0（其实就是1，因为只有0，1两种值），Data第 i 位 置1
  67   2              }
  68   1              DS1302_CE = 0;
  69   1              DS1302_IO = 0;
  70   1              return Data;
  71   1      }
  72          
  73          void DS1302_SetTime()
  74          {
  75   1              DS1302_WriteByte(DS1302_WP,0x00);       //解除写入保护
  76   1              DS1302_WriteByte(DS1302_YEAR,DS1302_Time[0]/10*16 + DS1302_Time[0]%10); //十进制转化为BCD码
  77   1              DS1302_WriteByte(DS1302_MONTH,DS1302_Time[1]/10*16 + DS1302_Time[1]%10);
  78   1              DS1302_WriteByte(DS1302_DATE,DS1302_Time[2]/10*16 + DS1302_Time[2]%10);
  79   1              DS1302_WriteByte(DS1302_HOUR,DS1302_Time[3]/10*16 + DS1302_Time[3]%10);
  80   1              DS1302_WriteByte(DS1302_MINUTE,DS1302_Time[4]/10*16 + DS1302_Time[4]%10);
  81   1              DS1302_WriteByte(DS1302_SECOND,DS1302_Time[5]/10*16 + DS1302_Time[5]%10);
  82   1              DS1302_WriteByte(DS1302_DAY,DS1302_Time[6]/10*16 + DS1302_Time[6]%10);
  83   1              DS1302_WriteByte(DS1302_WP,0x80);       //打开写入保护
  84   1      }
  85          
  86          void DS1302_ReadTime()
  87          {
  88   1              unsigned char Temp;
  89   1              Temp = DS1302_ReadByte(DS1302_YEAR) ;
  90   1              DS1302_Time[0] = Temp/16*10+Temp%16;
  91   1              Temp = DS1302_ReadByte(DS1302_MONTH);
  92   1              DS1302_Time[1] = Temp/16*10+Temp%16;
  93   1              Temp = DS1302_ReadByte(DS1302_DATE);
  94   1              DS1302_Time[2] = Temp/16*10+Temp%16;
  95   1              Temp = DS1302_ReadByte(DS1302_HOUR);
  96   1              DS1302_Time[3] = Temp/16*10+Temp%16;
  97   1              Temp = DS1302_ReadByte(DS1302_MINUTE);
  98   1              DS1302_Time[4] = Temp/16*10+Temp%16;
  99   1              Temp = DS1302_ReadByte(DS1302_SECOND);
 100   1              DS1302_Time[5] = Temp/16*10+Temp%16;
 101   1              Temp = DS1302_ReadByte(DS1302_DAY);
 102   1              DS1302_Time[6] = Temp/16*10+Temp%16;
 103   1      }
 104          
 105          //DS1302时钟以BCD码形式表示和存储时间
 106          //BCD码转十进制：DEC=BCD/16*10+BCD%16;(2位BCD)
 107          //十进制转BCD码：BCD=DEC/10*16+DEC%10;(2位BCD)
 108          


MODULE INFORMATION:   STATIC OVERLAYABLE
   CODE SIZE        =    652    ----
   CONSTANT SIZE    =   ----    ----
   XDATA SIZE       =   ----    ----
   PDATA SIZE       =   ----    ----
   DATA SIZE        =      7    ----
C51 COMPILER V9.54   DS1302                                                                04/01/2025 18:13:38 PAGE 3   

   IDATA SIZE       =   ----    ----
   BIT SIZE         =   ----    ----
END OF MODULE INFORMATION.


C51 COMPILATION COMPLETE.  0 WARNING(S),  0 ERROR(S)
